// Jest Snapshot v1, https://goo.gl/fbAQLP

exports[`IssuableBlockedIcon on mouseenter on blocked icon with more than three blocking issues matches the snapshot 1`] = `
<div
  class="gl-display-inline"
>
  <svg
    aria-hidden="true"
    class="gl-cursor-pointer gl-icon gl-mr-2 gl-text-red-500 issuable-blocked-icon s16"
    data-testid="issuable-blocked-icon"
    id="reference-0"
    role="img"
  >
    <use
      href="file-mock#issue-block"
    />
  </svg>
  <div
    class="gl-popover"
  >
    <ul
      class="gl-list-style-none gl-mb-0 gl-p-0"
    >
      <li>
        <a
          class="gl-font-sm gl-link gl-text-blue-500!"
          href="http://gdk.test:3000/gitlab-org/my-project-1/-/issues/6"
        >
          my-project-1#6
        </a>
        <p
          class="gl-display-block! gl-mb-3"
          data-testid="issuable-title"
        >
          blocking issue title 1
        </p>
      </li>
      <li>
        <a
          class="gl-font-sm gl-link gl-text-blue-500!"
          href="http://gdk.test:3000/gitlab-org/my-project-1/-/issues/5"
        >
          my-project-1#5
        </a>
        <p
          class="gl-display-block! gl-mb-3"
          data-testid="issuable-title"
        >
          blocking issue title 2 + blocking issue title 2 + blocking issue title 2 + blocâ€¦
        </p>
      </li>
      <li>
        <a
          class="gl-font-sm gl-link gl-text-blue-500!"
          href="http://gdk.test:3000/gitlab-org/my-project-1/-/issues/4"
        >
          my-project-1#4
        </a>
        <p
          class="gl-display-block! gl-mb-0"
          data-testid="issuable-title"
        >
          blocking issue title 3
        </p>
      </li>
    </ul>
    <div
      class="gl-mt-4"
    >
      <p
        class="gl-mb-3"
        data-testid="hidden-blocking-count"
      >
        + 1 more issue
      </p>
      <a
        class="gl-font-sm gl-link gl-text-blue-500!"
        data-testid="view-all-issues"
        href="http://gdk.test:3000/gitlab-org/my-project-1/-/issues/0#related-issues"
      >
        View all blocking issues
      </a>
    </div>
    <span
      data-testid="popover-title"
    >
      Blocked by 4 issues
    </span>
  </div>
</div>
`;
